C51 COMPILER V9.51   MAIN                                                                  06/18/2015 22:07:11 PAGE 1   


C51 COMPILER V9.51, COMPILATION OF MODULE MAIN
OBJECT MODULE PLACED IN main.obj
COMPILER INVOKED BY: C:\Keil\C51\BIN\C51.EXE source\main.c BROWSE DEBUG OBJECTEXTEND PRINT(.\main.lst) TABS(2) OBJECT(ma
                    -in.obj)

line level    source

   1          #include "stc12c5a60s2.h"
   2          #include "DP_Print_inc.h"
   3          
   4          typedef unsigned char   BYTE;
   5          typedef unsigned char   WORD;
   6          #define FOSC  11059200L
   7          #define BAUD  9600
   8          
   9          code unsigned char password[]={"20000508"}; // 此是密码，使用时向业务经理要正确密码
  10          code unsigned char printTest[]={0xB4,0xEF,0xC6,0xD5,0xB4,0xF2,0xD3,0xA1,0x44,0x50};
  11          
  12          BYTE busy;
  13          
  14          void UARTInit(void)
  15          {
  16   1        SCON = 0x50;
  17   1        TMOD = 0x20;
  18   1        TH1 = TL1 = -(FOSC/12/32/BAUD);
  19   1        TR1 = 1;
  20   1        ES = 1;
  21   1        EA = 1;
  22   1      }
  23          
  24          void UART_SendByte(unsigned char Send_Dat)
  25          {
  26   1        while(busy);
  27   1        ACC = Send_Dat;
  28   1        busy = 1;
  29   1        SBUF = ACC;
  30   1      }
  31          
  32          void main(void)
  33          {
  34   1        UARTInit();
  35   1        CheckPassWord(password);
  36   1        InitializePrint();
  37   1        SelChineseChar();
  38   1        Print_ASCII((unsigned char*)printTest,10);
  39   1        print_And_Line();
  40   1        while(1)
  41   1        {
  42   2        
  43   2        }
  44   1      }
  45          
  46          void Uart_isr() interrupt 4 using 1
  47          {
  48   1        if(RI)
  49   1        {
  50   2          RI=0;
  51   2        }
  52   1        if(TI)
  53   1        {
  54   2          TI=0;
C51 COMPILER V9.51   MAIN                                                                  06/18/2015 22:07:11 PAGE 2   

  55   2          busy=0;
  56   2        }
  57   1      }


MODULE INFORMATION:   STATIC OVERLAYABLE
   CODE SIZE        =     78    ----
   CONSTANT SIZE    =     19    ----
   XDATA SIZE       =   ----    ----
   PDATA SIZE       =   ----    ----
   DATA SIZE        =      1    ----
   IDATA SIZE       =   ----    ----
   BIT SIZE         =   ----    ----
END OF MODULE INFORMATION.


C51 COMPILATION COMPLETE.  0 WARNING(S),  0 ERROR(S)
